SQL> -- Tables
SQL> SELECT dbms_metadata.get_ddl('TABLE', table_name, 'C##TICKET_USER')
  2  FROM user_tables;

DBMS_METADATA.GET_DDL('TABLE',TABLE_NAME,'C##TICKET_USER')                                                                                                                                              
--------------------------------------------------------------------------------                                                                                                                        
                                                                                                                                                                                                        
  CREATE TABLE "C##TICKET_USER"."AUDIT_LOGS"                                                                                                                                                            
   (	"ID" NUMBER(19,0) GENERATED BY DEFAULT AS IDENTITY MINVALUE 1 MAXVALUE 9999                                                                                                                        
999999999999999999999999 INCREMENT BY 1 START WITH 1 CACHE 20 NOORDER  NOCYCLE                                                                                                                          
NOKEEP  NOSCALE  NOT NULL ENABLE,                                                                                                                                                                       
	"EVENT_DATE" TIMESTAMP (6),                                                                                                                                                                            
	"EVENT_DESCRIPTION" VARCHAR2(255 CHAR),                                                                                                                                                                
	"USERNAME" VARCHAR2(255 CHAR),                                                                                                                                                                         
	"TICKET_ID" NUMBER(19,0),                                                                                                                                                                              
	 PRIMARY KEY ("ID")                                                                                                                                                                                    
  USING INDEX PCTFREE 10 INITRANS 2 MAXTRANS 255 COMPUTE STATISTICS                                                                                                                                     
  STORAGE(INITIAL 65536 NEXT 1048576 MINEXTENTS 1 MAXEXTENTS 2147483645                                                                                                                                 
  PCTINCREASE 0 FREELISTS 1 FREELIST GROUPS 1                                                                                                                                                           
  BUFFER_POOL DEFAULT FLASH_CACHE DEFAULT CELL_FLASH_CACHE DEFAULT)                                                                                                                                     
  TABLESPACE "USERS"  ENABLE,                                                                                                                                                                           
	 CONSTRAINT "FKDAYPKSNSC3DLHCBV2X8V51UQO" FOREIGN KEY ("TICKET_ID")                                                                                                                                    
	  REFERENCES "C##TICKET_USER"."TICKETS" ("ID") ENABLE                                                                                                                                                  
   ) SEGMENT CREATION IMMEDIATE                                                                                                                                                                         
  PCTFREE 10 PCTUSED 40 INITRANS 1 MAXTRANS 255                                                                                                                                                         
 NOCOMPRESS LOGGING                                                                                                                                                                                     
  STORAGE(INITIAL 65536 NEXT 1048576 MINEXTENTS 1 MAXEXTENTS 2147483645                                                                                                                                 
  PCTINCREASE 0 FREELISTS 1 FREELIST GROUPS 1                                                                                                                                                           
  BUFFER_POOL DEFAULT FLASH_CACHE DEFAULT CELL_FLASH_CACHE DEFAULT)                                                                                                                                     
  TABLESPACE "USERS"                                                                                                                                                                                    
                                                                                                                                                                                                        
                                                                                                                                                                                                        
  CREATE TABLE "C##TICKET_USER"."COMMENTS"                                                                                                                                                              
   (	"ID" NUMBER(19,0) GENERATED BY DEFAULT AS IDENTITY MINVALUE 1 MAXVALUE 9999                                                                                                                        
999999999999999999999999 INCREMENT BY 1 START WITH 1 CACHE 20 NOORDER  NOCYCLE                                                                                                                          
NOKEEP  NOSCALE  NOT NULL ENABLE,                                                                                                                                                                       
	"CONTENT" VARCHAR2(2000 CHAR),                                                                                                                                                                         
	"CREATED_DATE" TIMESTAMP (6),                                                                                                                                                                          
	"AUTHOR_ID" NUMBER(19,0),                                                                                                                                                                              
	"TICKET_ID" NUMBER(19,0),                                                                                                                                                                              
	 PRIMARY KEY ("ID")                                                                                                                                                                                    
  USING INDEX PCTFREE 10 INITRANS 2 MAXTRANS 255 COMPUTE STATISTICS                                                                                                                                     
  STORAGE(INITIAL 65536 NEXT 1048576 MINEXTENTS 1 MAXEXTENTS 2147483645                                                                                                                                 
  PCTINCREASE 0 FREELISTS 1 FREELIST GROUPS 1                                                                                                                                                           
  BUFFER_POOL DEFAULT FLASH_CACHE DEFAULT CELL_FLASH_CACHE DEFAULT)                                                                                                                                     
  TABLESPACE "USERS"  ENABLE,                                                                                                                                                                           
	 CONSTRAINT "FKN2NA60UKHS76IBTPT9BURKM27" FOREIGN KEY ("AUTHOR_ID")                                                                                                                                    
	  REFERENCES "C##TICKET_USER"."USERS" ("ID") ENABLE,                                                                                                                                                   
	 CONSTRAINT "FKJ7VC0AIGR2M5MEW52V7DDT4FO" FOREIGN KEY ("TICKET_ID")                                                                                                                                    
	  REFERENCES "C##TICKET_USER"."TICKETS" ("ID") ENABLE                                                                                                                                                  
   ) SEGMENT CREATION IMMEDIATE                                                                                                                                                                         
  PCTFREE 10 PCTUSED 40 INITRANS 1 MAXTRANS 255                                                                                                                                                         
 NOCOMPRESS LOGGING                                                                                                                                                                                     
  STORAGE(INITIAL 65536 NEXT 1048576 MINEXTENTS 1 MAXEXTENTS 2147483645                                                                                                                                 
  PCTINCREASE 0 FREELISTS 1 FREELIST GROUPS 1                                                                                                                                                           
  BUFFER_POOL DEFAULT FLASH_CACHE DEFAULT CELL_FLASH_CACHE DEFAULT)                                                                                                                                     
  TABLESPACE "USERS"                                                                                                                                                                                    
                                                                                                                                                                                                        
                                                                                                                                                                                                        
  CREATE TABLE "C##TICKET_USER"."TICKETS"                                                                                                                                                               
   (	"ID" NUMBER(19,0) GENERATED BY DEFAULT AS IDENTITY MINVALUE 1 MAXVALUE 9999                                                                                                                        
999999999999999999999999 INCREMENT BY 1 START WITH 1 CACHE 20 NOORDER  NOCYCLE                                                                                                                          
NOKEEP  NOSCALE  NOT NULL ENABLE,                                                                                                                                                                       
	"CATEGORY" VARCHAR2(255 CHAR),                                                                                                                                                                         
	"CREATION_DATE" TIMESTAMP (6),                                                                                                                                                                         
	"DESCRIPTION" VARCHAR2(2000 CHAR),                                                                                                                                                                     
	"PRIORITY" VARCHAR2(255 CHAR),                                                                                                                                                                         
	"STATUS" VARCHAR2(255 CHAR),                                                                                                                                                                           
	"TITLE" VARCHAR2(255 CHAR),                                                                                                                                                                            
	"USER_ID" NUMBER(19,0),                                                                                                                                                                                
	 CHECK (category in ('NETWORK','HARDWARE','SOFTWARE','OTHER')) ENABLE,                                                                                                                                 
	 CHECK (priority in ('LOW','MEDIUM','HIGH')) ENABLE,                                                                                                                                                   
	 CHECK (status in ('NEW','IN_PROGRESS','RESOLVED')) ENABLE,                                                                                                                                            
	 PRIMARY KEY ("ID")                                                                                                                                                                                    
  USING INDEX PCTFREE 10 INITRANS 2 MAXTRANS 255 COMPUTE STATISTICS                                                                                                                                     
  STORAGE(INITIAL 65536 NEXT 1048576 MINEXTENTS 1 MAXEXTENTS 2147483645                                                                                                                                 
  PCTINCREASE 0 FREELISTS 1 FREELIST GROUPS 1                                                                                                                                                           
  BUFFER_POOL DEFAULT FLASH_CACHE DEFAULT CELL_FLASH_CACHE DEFAULT)                                                                                                                                     
  TABLESPACE "USERS"  ENABLE,                                                                                                                                                                           
	 CONSTRAINT "FK4EQSEBPIMNJEN0Q46JA6FL2HL" FOREIGN KEY ("USER_ID")                                                                                                                                      
	  REFERENCES "C##TICKET_USER"."USERS" ("ID") ENABLE                                                                                                                                                    
   ) SEGMENT CREATION IMMEDIATE                                                                                                                                                                         
  PCTFREE 10 PCTUSED 40 INITRANS 1 MAXTRANS 255                                                                                                                                                         
 NOCOMPRESS LOGGING                                                                                                                                                                                     
  STORAGE(INITIAL 65536 NEXT 1048576 MINEXTENTS 1 MAXEXTENTS 2147483645                                                                                                                                 
  PCTINCREASE 0 FREELISTS 1 FREELIST GROUPS 1                                                                                                                                                           
  BUFFER_POOL DEFAULT FLASH_CACHE DEFAULT CELL_FLASH_CACHE DEFAULT)                                                                                                                                     
  TABLESPACE "USERS"                                                                                                                                                                                    
                                                                                                                                                                                                        
                                                                                                                                                                                                        
  CREATE TABLE "C##TICKET_USER"."USERS"                                                                                                                                                                 
   (	"ID" NUMBER(19,0) GENERATED BY DEFAULT AS IDENTITY MINVALUE 1 MAXVALUE 9999                                                                                                                        
999999999999999999999999 INCREMENT BY 1 START WITH 1 CACHE 20 NOORDER  NOCYCLE                                                                                                                          
NOKEEP  NOSCALE  NOT NULL ENABLE,                                                                                                                                                                       
	"PASSWORD" VARCHAR2(255 CHAR),                                                                                                                                                                         
	"ROLE" VARCHAR2(255 CHAR),                                                                                                                                                                             
	"USERNAME" VARCHAR2(255 CHAR),                                                                                                                                                                         
	 CHECK (role in ('EMPLOYEE','IT_SUPPORT')) ENABLE,                                                                                                                                                     
	 PRIMARY KEY ("ID")                                                                                                                                                                                    
  USING INDEX PCTFREE 10 INITRANS 2 MAXTRANS 255 COMPUTE STATISTICS                                                                                                                                     
  STORAGE(INITIAL 65536 NEXT 1048576 MINEXTENTS 1 MAXEXTENTS 2147483645                                                                                                                                 
  PCTINCREASE 0 FREELISTS 1 FREELIST GROUPS 1                                                                                                                                                           
  BUFFER_POOL DEFAULT FLASH_CACHE DEFAULT CELL_FLASH_CACHE DEFAULT)                                                                                                                                     
  TABLESPACE "USERS"  ENABLE                                                                                                                                                                            
   ) SEGMENT CREATION IMMEDIATE                                                                                                                                                                         
  PCTFREE 10 PCTUSED 40 INITRANS 1 MAXTRANS 255                                                                                                                                                         
 NOCOMPRESS LOGGING                                                                                                                                                                                     
  STORAGE(INITIAL 65536 NEXT 1048576 MINEXTENTS 1 MAXEXTENTS 2147483645                                                                                                                                 
  PCTINCREASE 0 FREELISTS 1 FREELIST GROUPS 1                                                                                                                                                           
  BUFFER_POOL DEFAULT FLASH_CACHE DEFAULT CELL_FLASH_CACHE DEFAULT)                                                                                                                                     
  TABLESPACE "USERS"                                                                                                                                                                                    
                                                                                                                                                                                                        
SQL> 
SQL> -- Sequences
SQL> SELECT dbms_metadata.get_ddl('SEQUENCE', sequence_name, 'C##TICKET_USER')
  2  FROM user_sequences;
ERROR:
ORA-31603: object "ISEQ$$_77128" of type SEQUENCE not found in schema "C##TICKET_USER" 
ORA-06512: at "SYS.DBMS_METADATA", line 6781 
ORA-06512: at "SYS.DBMS_SYS_ERROR", line 105 
ORA-06512: at "SYS.DBMS_METADATA", line 6768 
ORA-06512: at "SYS.DBMS_METADATA", line 9815 
ORA-06512: at line 1 


SQL> 
SQL> -- Indexes
SQL> SELECT dbms_metadata.get_ddl('INDEX', index_name, 'C##TICKET_USER')
  2  FROM user_indexes;

DBMS_METADATA.GET_DDL('INDEX',INDEX_NAME,'C##TICKET_USER')                                                                                                                                              
--------------------------------------------------------------------------------                                                                                                                        
                                                                                                                                                                                                        
  CREATE UNIQUE INDEX "C##TICKET_USER"."SYS_C008317" ON "C##TICKET_USER"."AUDIT_                                                                                                                        
LOGS" ("ID")                                                                                                                                                                                            
  PCTFREE 10 INITRANS 2 MAXTRANS 255 COMPUTE STATISTICS                                                                                                                                                 
  STORAGE(INITIAL 65536 NEXT 1048576 MINEXTENTS 1 MAXEXTENTS 2147483645                                                                                                                                 
  PCTINCREASE 0 FREELISTS 1 FREELIST GROUPS 1                                                                                                                                                           
  BUFFER_POOL DEFAULT FLASH_CACHE DEFAULT CELL_FLASH_CACHE DEFAULT)                                                                                                                                     
  TABLESPACE "USERS"                                                                                                                                                                                    
                                                                                                                                                                                                        
                                                                                                                                                                                                        
  CREATE UNIQUE INDEX "C##TICKET_USER"."SYS_C008319" ON "C##TICKET_USER"."COMMEN                                                                                                                        
TS" ("ID")                                                                                                                                                                                              
  PCTFREE 10 INITRANS 2 MAXTRANS 255 COMPUTE STATISTICS                                                                                                                                                 
  STORAGE(INITIAL 65536 NEXT 1048576 MINEXTENTS 1 MAXEXTENTS 2147483645                                                                                                                                 
  PCTINCREASE 0 FREELISTS 1 FREELIST GROUPS 1                                                                                                                                                           
  BUFFER_POOL DEFAULT FLASH_CACHE DEFAULT CELL_FLASH_CACHE DEFAULT)                                                                                                                                     
  TABLESPACE "USERS"                                                                                                                                                                                    
                                                                                                                                                                                                        
                                                                                                                                                                                                        
  CREATE UNIQUE INDEX "C##TICKET_USER"."SYS_C008324" ON "C##TICKET_USER"."TICKET                                                                                                                        
S" ("ID")                                                                                                                                                                                               
  PCTFREE 10 INITRANS 2 MAXTRANS 255 COMPUTE STATISTICS                                                                                                                                                 
  STORAGE(INITIAL 65536 NEXT 1048576 MINEXTENTS 1 MAXEXTENTS 2147483645                                                                                                                                 
  PCTINCREASE 0 FREELISTS 1 FREELIST GROUPS 1                                                                                                                                                           
  BUFFER_POOL DEFAULT FLASH_CACHE DEFAULT CELL_FLASH_CACHE DEFAULT)                                                                                                                                     
  TABLESPACE "USERS"                                                                                                                                                                                    
                                                                                                                                                                                                        
                                                                                                                                                                                                        
  CREATE UNIQUE INDEX "C##TICKET_USER"."SYS_C008327" ON "C##TICKET_USER"."USERS"                                                                                                                        
 ("ID")                                                                                                                                                                                                 
  PCTFREE 10 INITRANS 2 MAXTRANS 255 COMPUTE STATISTICS                                                                                                                                                 
  STORAGE(INITIAL 65536 NEXT 1048576 MINEXTENTS 1 MAXEXTENTS 2147483645                                                                                                                                 
  PCTINCREASE 0 FREELISTS 1 FREELIST GROUPS 1                                                                                                                                                           
  BUFFER_POOL DEFAULT FLASH_CACHE DEFAULT CELL_FLASH_CACHE DEFAULT)                                                                                                                                     
  TABLESPACE "USERS"                                                                                                                                                                                    
                                                                                                                                                                                                        
SQL> 
SQL> 
SQL> SPOOL OFF;
